-------------------- Log Start | Sat May 10 04:57:54 2025 --------------------
platform: Linux-6.14.4-061404-generic-x86_64-with-glibc2.41
data_path: /home/octo/punisher_data
is_default_data_path: False
config_file: /home/octo/punisher_data/config/moonraker.conf
backup_config: /home/octo/punisher_data/config/.moonraker.conf.bkp
startup_warnings: []
verbose: False
debug: False
asyncio_debug: False
is_backup_config: False
is_python_package: False
instance_uuid: 9dcc6c0e41664e1eba2a9b2fab5413d4
unix_socket_path: /home/octo/punisher_data/comms/moonraker.sock
structured_logging: False
software_version: v0.9.3-74-g1c12414
git_branch: master
git_remote: origin
git_repo_url: https://github.com/Arksine/moonraker.git
modified_files: []
unofficial_components: []
log_file: /home/octo/punisher_data/logs/moonraker.log
python_version: 3.13.3 (main, Apr  8 2025, 19:55:40) [GCC 14.2.0]
launch_args: /home/octo/moonraker-env/bin/python /home/octo/moonraker/moonraker/moonraker.py -d /home/octo/punisher_data
msgspec_enabled: False
uvloop_enabled: False

#################### Moonraker Configuration ####################

[server]
host = 0.0.0.0
port = 7132
ssl_port = 7144
klippy_uds_address = /home/octo/punisher_data/comms/klippy.sock

[authorization]
trusted_clients = 
	10.0.0.190
	10.0.0.138
	FE80::/10
	::1/128
	10.0.0.0/16
cors_domains = 
	*//rhino*
	*//*.server.internal
	*//rhino.server.internal:*
	*//rhino.server.internal
	*//10.0.0.138
	*//10.0.0.138:*
enable_api_key = True
default_source = moonraker

[announcements]
subscriptions = 
	mainsail

[machine]
provider = systemd_dbus
shutdown_action = poweroff
sudo_password = 0413
validate_service = True
validate_config = True

[octoprint_compat]

[history]

[file_manager]
enable_object_processing = True
queue_gcode_uploads = True
file_system_observer = inotify
enable_observer_warnings = True
enable_config_write_access = True

[spoolman]
server = http://rhino:7912
sync_rate = 5

[update_manager]
channel = dev
refresh_interval = 36
enable_system_updates = False
enable_auto_refresh = True

[update_manager mainsail]
type = web
channel = stable
repo = mainsail-crew/mainsail
path = ~/mainsail

[update_manager Klipper-Adaptive-Meshing-Purging]
type = git_repo
channel = dev
path = ~/Klipper-Adaptive-Meshing-Purging
origin = https://github.com/Bradford1040/Klipper-Adaptive-Meshing-Purging.git
managed_services = klipper
primary_branch = main

[update_manager klipper-backup]
type = git_repo
path = ~/punisher_data/klipper-backup
origin = https://github.com/Bradford1040/klipper-backup.git
managed_services = moonraker
primary_branch = devel-v3.0

[update_manager Spoolman]
type = zip
channel = stable
repo = Donkie/Spoolman
path = /home/octo/Spoolman
virtualenv = .venv
requirements = requirements.txt
persistent_files = 
	.venv
	.env
managed_services = Spoolman

[update_manager Klippain-ShakeTune]
type = git_repo
origin = https://github.com/Bradford1040/kiauh-klippain-shaketune.git
path = ~/klippain_shaketune
virtualenv = ~/klippy-env
requirements = requirements.txt
system_dependencies = system-dependencies.json
primary_branch = punisher
managed_services = klipper moonraker

[update_manager klipper_tmc_autotune]
type = git_repo
channel = dev
path = ~/klipper_tmc_autotune
origin = https://github.com/Bradford1040/klipper_tmc_autotune.git
managed_services = klipper
primary_branch = master
install_script = install.sh

#################################################################
All Configuration Files:
/home/octo/punisher_data/config/moonraker.conf
/home/octo/punisher_data/config/secrets.conf
#################################################################
Loading Sqlite database provider. Sqlite Version: 3.46.1
Unsafe Shutdown Count: 5

System Info:

***python***
  version: (3, 13, 3, 'final', 0)
  version_string: 3.13.3 (main, Apr  8 2025, 19:55:40) [GCC 14.2.0]

***cpu_info***
  cpu_count: 8
  bits: 64bit
  processor: x86_64
  cpu_desc: Intel(R) Core(TM) i7-7820HK CPU @ 2.90GHz
  serial_number: 
  hardware_desc: 
  model: 
  total_memory: 16327400
  memory_units: kB

***sd_info***

***distribution***
  name: Rhino Linux 2025.2 (mainline)
  id: ubuntu
  version: 2025.2
  version_parts: {'major': '2025', 'minor': '2', 'build_number': ''}
  like: debian
  codename: devel
  release_info: {}
  kernel_version: 6.14.4-061404-generic

***virtualization***
  virt_type: none
  virt_identifier: none

***network***

***canbus***

***Allowed Services***
  klipper_mcu
  webcamd
  MoonCord
  KlipperScreen
  moonraker-telegram-bot
  moonraker-obico
  sonar
  crowsnest
  octoeverywhere
  ratos-configurator
  Spoolman
  klipper-backup
Module libcamera unavailable, import failed

Systemd unit moonraker-punisher.service:
unit_name: moonraker-punisher.service
is_default: False
manager: systemd
Properties:
**Requires=['home.mount', '-.mount', 'sysinit.target', 'network-online.target', 'system.slice']
**After=['basic.target', 'sysinit.target', 'home.mount', 'network-online.target', 'system.slice', '-.mount', 'systemd-journald.socket']
**SupplementaryGroups=['moonraker-admin']
**EnvironmentFiles=/home/octo/punisher_data/systemd/moonraker.env
**ExecStart=/home/octo/moonraker-env/bin/python $MOONRAKER_ARGS
**WorkingDirectory=/home/octo/moonraker
**FragmentPath=/etc/systemd/system/moonraker-punisher.service
**Description=API Server for Klipper SV1 punisher
**User=octo

Systemd unit klipper-punisher.service:
unit_name: klipper-punisher.service
is_default: False
manager: systemd
Properties:
**Requires=['system.slice', '-.mount', 'sysinit.target', 'home.mount']
**After=['-.mount', 'home.mount', 'basic.target', 'sysinit.target', 'system.slice', 'systemd-journald.socket', 'network-online.target']
**SupplementaryGroups=[]
**EnvironmentFiles=/home/octo/punisher_data/systemd/klipper.env
**ExecStart=/home/octo/klippy-env/bin/python $KLIPPER_ARGS
**WorkingDirectory=/home/octo/klipper
**FragmentPath=/etc/systemd/system/klipper-punisher.service
**Description=Klipper 3D Printer Firmware SV1
**User=octo
Multiple instances of Moonraker have the update manager enabled.
moonraker-pascale:b994aea97c7a4c0f92ada68092db6f56:1572
moonraker-able:cca50902716f4e06920fbddaeaff39ab:1566
moonraker-phenoix:3f1d3310bc824d0eaef1d8c35ed8fb8c:1573
moonraker-murphy:bb2e0d0e7ef945368e1a06b160782450:1570
moonraker-bastard:07846642785b482e8652cf586e89e670:1567
moonraker-kane:bc035524ff81449db200b4bcf842a876:1569
moonraker-ben10:7f0ca56182064c6f8821005c8f278fc1:28101
moonraker-punisher:9dcc6c0e41664e1eba2a9b2fab5413d4:38103
Connected to Spoolman Spool Manager
Git Repo moonraker: No warnings detected
Git Repo klipper: Warnings detected:
  Unofficial remote url: https://github.com/KalicoCrew/kalico
  Repo not on offical remote/branch, expected: origin/master, detected: origin/bleeding-edge-v2
  Repo has untracked source files: ['klippy/extras/autotune_tmc.py', 'klippy/extras/motor_constants.py']
Git Repo Klipper-Adaptive-Meshing-Purging: No warnings detected
Git Repo klipper-backup: No warnings detected
Git Repo Klippain-ShakeTune: No warnings detected
Git Repo klipper_tmc_autotune: No warnings detected
Klipper Version: v0.12.0-696-g9eac41f9
2025-05-10 00:57:54,730 [authorization.py:_prune_conn_handler()] - Trusted Connection Expired, IP: 10.0.0.190
2025-05-10 01:25:24,519 [websockets.py:on_close()] - Websocket Closed: ID: 139686367768528 Close Code: 1001, Close Reason: None, Pong Time Elapsed: 7.48
2025-05-10 01:25:25,795 [websockets.py:on_close()] - Websocket Closed: ID: 139686367764368 Close Code: 1001, Close Reason: None, Pong Time Elapsed: 8.74
2025-05-10 07:04:25,599 [machine.py:_find_public_ip()] - Detected Local IP: 10.0.0.138
2025-05-10 17:06:04,458 [websockets.py:on_close()] - Websocket Closed: ID: 139686367766928 Close Code: 1001, Close Reason: None, Pong Time Elapsed: 2.11
2025-05-10 17:06:04,459 [websockets.py:on_close()] - Websocket Closed: ID: 139686377545616 Close Code: 1001, Close Reason: None, Pong Time Elapsed: 1.56
2025-05-10 17:06:05,037 [authorization.py:_check_trusted_connection()] - Trusted Connection Detected, IP: 10.0.0.190
2025-05-10 17:06:05,038 [application.py:log_request()] - 101 GET /websocket (10.0.0.190) [_TRUSTED_USER_] 1.36ms
2025-05-10 17:06:05,038 [websockets.py:open()] - Websocket Opened: ID: 139686367766928, Proxied: False, User Agent: Mozilla/5.0 (Windows NT 10.0; Win64; x64) AppleWebKit/537.36 (KHTML, like Gecko) Chrome/136.0.0.0 Safari/537.36, Host Name: rhino
2025-05-10 17:06:05,176 [file_manager.py:get_file_list()] - Updating File List <config>...
2025-05-10 17:06:07,083 [application.py:log_request()] - 101 GET /websocket (10.0.0.190) [_TRUSTED_USER_] 1.12ms
2025-05-10 17:06:07,084 [websockets.py:open()] - Websocket Opened: ID: 139686367763728, Proxied: False, User Agent: Mozilla/5.0 (Windows NT 10.0; Win64; x64) AppleWebKit/537.36 (KHTML, like Gecko) Chrome/136.0.0.0 Safari/537.36, Host Name: rhino
2025-05-10 17:06:07,089 [websockets.py:_handle_identify()] - Websocket 139686367763728 Client Identified - Name: mainsail, Version: 2.14.0, Type: web
2025-05-10 17:10:07,397 [server.py:_handle_term_signal()] - Exiting with signal SIGTERM
2025-05-10 17:10:07,502 [websockets.py:on_close()] - Websocket Closed: ID: 139686367763728 Close Code: 1001, Close Reason: Server Shutdown, Pong Time Elapsed: 0.42
2025-05-10 17:10:07,503 [websockets.py:on_close()] - Websocket Closed: ID: 139686367766928 Close Code: 1001, Close Reason: Server Shutdown, Pong Time Elapsed: 2.46
2025-05-10 17:10:07,504 [klippy_connection.py:_on_connection_closed()] - Klippy Connection Removed
2025-05-10 17:10:07,535 [spoolman.py:_read_messages()] - Spoolman Disconnected - Code: 1001, Reason: Moonraker Shutdown, Server Ping Time Elapsed: 2.5882541989849415
2025-05-10 17:10:07,546 [server.py:main()] - Server Shutdown
-------------------- Log Start | Sat May 10 21:10:07 2025 --------------------
platform: Linux-6.14.4-061404-generic-x86_64-with-glibc2.41
data_path: /home/octo/punisher_data
is_default_data_path: False
config_file: /home/octo/punisher_data/config/moonraker.conf
backup_config: /home/octo/punisher_data/config/.moonraker.conf.bkp
startup_warnings: []
verbose: False
debug: False
asyncio_debug: False
is_backup_config: False
is_python_package: False
instance_uuid: 9dcc6c0e41664e1eba2a9b2fab5413d4
unix_socket_path: /home/octo/punisher_data/comms/moonraker.sock
structured_logging: False
software_version: v0.9.3-74-g1c12414
git_branch: master
git_remote: origin
git_repo_url: https://github.com/Arksine/moonraker.git
modified_files: []
unofficial_components: []
log_file: /home/octo/punisher_data/logs/moonraker.log
python_version: 3.13.3 (main, Apr 10 2025, 21:38:51) [GCC 14.2.0]
launch_args: /home/octo/moonraker-env/bin/python /home/octo/moonraker/moonraker/moonraker.py -d /home/octo/punisher_data
msgspec_enabled: False
uvloop_enabled: False
2025-05-10 17:10:07,792 [confighelper.py:read_file()] - Configuration File '/home/octo/punisher_data/config/moonraker.conf' parsed, total size: 11798 B
2025-05-10 17:10:07,792 [server.py:add_log_rollover_item()] - 
#################### Moonraker Configuration ####################

[server]
host = 0.0.0.0
port = 7132
ssl_port = 7144
klippy_uds_address = /home/octo/punisher_data/comms/klippy.sock

[authorization]
trusted_clients = 
	10.0.0.190
	10.0.0.138
	FE80::/10
	::1/128
	10.0.0.0/16
cors_domains = 
	*//rhino*
	*//*.server.internal
	*//rhino.server.internal:*
	*//rhino.server.internal
	*//10.0.0.138
	*//10.0.0.138:*
enable_api_key = True
default_source = moonraker

[announcements]
subscriptions = 
	mainsail

[machine]
provider = systemd_dbus
shutdown_action = poweroff
sudo_password = 0413
validate_service = True
validate_config = True

[octoprint_compat]

[history]

[file_manager]
enable_object_processing = True
queue_gcode_uploads = True
file_system_observer = inotify
enable_observer_warnings = True
enable_config_write_access = True

[spoolman]
server = http://rhino:7912
sync_rate = 5

[update_manager]
channel = dev
refresh_interval = 36
enable_system_updates = False
enable_auto_refresh = True

[update_manager mainsail]
type = web
channel = stable
repo = mainsail-crew/mainsail
path = ~/mainsail

[update_manager Klipper-Adaptive-Meshing-Purging]
type = git_repo
channel = dev
path = ~/Klipper-Adaptive-Meshing-Purging
origin = https://github.com/Bradford1040/Klipper-Adaptive-Meshing-Purging.git
managed_services = klipper
primary_branch = main

[update_manager klipper-backup]
type = git_repo
path = ~/punisher_data/klipper-backup
origin = https://github.com/Bradford1040/klipper-backup.git
managed_services = moonraker
primary_branch = devel-v3.0

[update_manager Spoolman]
type = zip
channel = stable
repo = Donkie/Spoolman
path = /home/octo/Spoolman
virtualenv = .venv
requirements = requirements.txt
persistent_files = 
	.venv
	.env
managed_services = Spoolman

[update_manager Klippain-ShakeTune]
type = git_repo
origin = https://github.com/Bradford1040/kiauh-klippain-shaketune.git
path = ~/klippain_shaketune
virtualenv = ~/klippy-env
requirements = requirements.txt
system_dependencies = system-dependencies.json
primary_branch = punisher
managed_services = klipper moonraker

[update_manager klipper_tmc_autotune]
type = git_repo
channel = dev
path = ~/klipper_tmc_autotune
origin = https://github.com/Bradford1040/klipper_tmc_autotune.git
managed_services = klipper
primary_branch = master
install_script = install.sh

#################################################################
All Configuration Files:
/home/octo/punisher_data/config/moonraker.conf
/home/octo/punisher_data/config/secrets.conf
#################################################################
2025-05-10 17:10:07,821 [server.py:load_component()] - Component (secrets) loaded
2025-05-10 17:10:07,822 [server.py:load_component()] - Component (template) loaded
2025-05-10 17:10:07,824 [server.py:load_component()] - Component (klippy_connection) loaded
2025-05-10 17:10:07,955 [server.py:load_component()] - Component (application) loaded
2025-05-10 17:10:07,961 [server.py:load_component()] - Component (websockets) loaded
2025-05-10 17:10:07,968 [server.py:add_log_rollover_item()] - Loading Sqlite database provider. Sqlite Version: 3.46.1
2025-05-10 17:10:07,968 [server.py:add_log_rollover_item()] - Unsafe Shutdown Count: 5
2025-05-10 17:10:07,969 [server.py:load_component()] - Component (database) loaded
2025-05-10 17:10:07,985 [server.py:load_component()] - Component (dbus_manager) loaded
2025-05-10 17:10:07,991 [file_manager.py:__init__()] - Using File System Observer: inotify
2025-05-10 17:10:07,996 [server.py:load_component()] - Component (file_manager) loaded
2025-05-10 17:10:08,002 [database.py:register_table()] - Found registered table authorized_users
2025-05-10 17:10:08,002 [authorization.py:__init__()] - Authorization Configuration Loaded
Trusted Clients:
10.0.0.190
10.0.0.138
fe80::/10
::1/128
10.0.0.0/16
CORS Domains:
.*//rhino.*
.*//.*\.server\.internal
.*//rhino\.server\.internal:.*
.*//rhino\.server\.internal
.*//10\.0\.0\.138
.*//10\.0\.0\.138:.*
2025-05-10 17:10:08,003 [server.py:load_component()] - Component (authorization) loaded
2025-05-10 17:10:08,004 [server.py:load_component()] - Component (klippy_apis) loaded
2025-05-10 17:10:08,036 [server.py:add_log_rollover_item()] - 
System Info:

***python***
  version: (3, 13, 3, 'final', 0)
  version_string: 3.13.3 (main, Apr 10 2025, 21:38:51) [GCC 14.2.0]

***cpu_info***
  cpu_count: 8
  bits: 64bit
  processor: x86_64
  cpu_desc: Intel(R) Core(TM) i7-7820HK CPU @ 2.90GHz
  serial_number: 
  hardware_desc: 
  model: 
  total_memory: 16327400
  memory_units: kB

***sd_info***

***distribution***
  name: Rhino Linux 2025.2 (mainline)
  id: ubuntu
  version: 2025.2
  version_parts: {'major': '2025', 'minor': '2', 'build_number': ''}
  like: debian
  codename: devel
  release_info: {}
  kernel_version: 6.14.4-061404-generic

***virtualization***
  virt_type: none
  virt_identifier: none

***network***

***canbus***

***Allowed Services***
  klipper_mcu
  webcamd
  MoonCord
  KlipperScreen
  moonraker-telegram-bot
  moonraker-obico
  sonar
  crowsnest
  octoeverywhere
  ratos-configurator
  Spoolman
  klipper-backup
2025-05-10 17:10:08,038 [server.py:load_component()] - Component (shell_command) loaded
2025-05-10 17:10:08,038 [machine.py:__init__()] - Using System Provider: systemd_dbus
2025-05-10 17:10:08,039 [server.py:add_log_rollover_item()] - Module libcamera unavailable, import failed
2025-05-10 17:10:08,039 [server.py:load_component()] - Component (machine) loaded
2025-05-10 17:10:08,040 [server.py:load_component()] - Component (data_store) loaded
2025-05-10 17:10:08,040 [proc_stats.py:__init__()] - Unable to find 'vcgencmd', throttle checking disabled
2025-05-10 17:10:08,040 [server.py:load_component()] - Component (proc_stats) loaded
2025-05-10 17:10:08,041 [server.py:load_component()] - Component (job_state) loaded
2025-05-10 17:10:08,042 [server.py:load_component()] - Component (job_queue) loaded
2025-05-10 17:10:08,043 [database.py:register_table()] - Found registered table job_history
2025-05-10 17:10:08,043 [database.py:register_table()] - Found registered table job_totals
2025-05-10 17:10:08,043 [server.py:load_component()] - Component (history) loaded
2025-05-10 17:10:08,045 [server.py:load_component()] - Component (http_client) loaded
2025-05-10 17:10:08,046 [server.py:load_component()] - Component (announcements) loaded
2025-05-10 17:10:08,047 [server.py:load_component()] - Component (webcam) loaded
2025-05-10 17:10:08,048 [server.py:load_component()] - Component (extensions) loaded
2025-05-10 17:10:08,062 [base_deploy.py:log_info()] - Git Repo moonraker: Detected virtualenv: /home/octo/moonraker-env
2025-05-10 17:10:08,063 [base_deploy.py:log_info()] - Git Repo klipper: Detected virtualenv: /home/octo/klippy-env
2025-05-10 17:10:08,065 [base_deploy.py:log_info()] - Zip Application Spoolman: Detected virtualenv: /home/octo/Spoolman/.venv
2025-05-10 17:10:08,065 [base_deploy.py:log_info()] - Zip Application Spoolman: Configured persistent files: ['.venv', '.env']
2025-05-10 17:10:08,065 [base_deploy.py:log_info()] - Git Repo Klippain-ShakeTune: Detected virtualenv: /home/octo/klippy-env
2025-05-10 17:10:08,067 [server.py:load_component()] - Component (update_manager) loaded
2025-05-10 17:10:08,068 [announcements.py:register_feed()] - Registering feed spoolman
2025-05-10 17:10:08,068 [server.py:load_component()] - Component (spoolman) loaded
2025-05-10 17:10:08,069 [server.py:load_component()] - Component (octoprint_compat) loaded
2025-05-10 17:10:08,070 [server.py:_initialize_component()] - Performing Component Post Init: [database]
2025-05-10 17:10:08,089 [server.py:_initialize_component()] - Performing Component Post Init: [dbus_manager]
2025-05-10 17:10:08,091 [server.py:_initialize_component()] - Performing Component Post Init: [authorization]
2025-05-10 17:10:08,092 [server.py:_initialize_component()] - Performing Component Post Init: [machine]
2025-05-10 17:10:08,092 [machine.py:validation_init()] - Installation version in database up to date
2025-05-10 17:10:08,223 [machine.py:check_virt_status()] - No Virtualization Detected
2025-05-10 17:10:08,226 [machine.py:_find_public_ip()] - Detected Local IP: 10.0.0.138
2025-05-10 17:10:08,226 [webcam.py:_set_default_host_ip()] - Default public webcam address set: http://10.0.0.138
2025-05-10 17:10:08,233 [machine.py:extract_service_info()] - Detected alternate unit name for moonraker: moonraker-punisher.service
2025-05-10 17:10:08,235 [server.py:add_log_rollover_item()] - 
Systemd unit moonraker-punisher.service:
unit_name: moonraker-punisher.service
is_default: False
manager: systemd
Properties:
**Requires=['system.slice', 'sysinit.target', '-.mount', 'network-online.target', 'home.mount']
**After=['network-online.target', 'home.mount', 'systemd-journald.socket', 'system.slice', 'sysinit.target', 'basic.target', '-.mount']
**SupplementaryGroups=['moonraker-admin']
**EnvironmentFiles=/home/octo/punisher_data/systemd/moonraker.env
**ExecStart=/home/octo/moonraker-env/bin/python $MOONRAKER_ARGS
**WorkingDirectory=/home/octo/moonraker
**FragmentPath=/etc/systemd/system/moonraker-punisher.service
**Description=API Server for Klipper SV1 punisher
**User=octo
2025-05-10 17:10:08,235 [server.py:_initialize_component()] - Performing Component Post Init: [proc_stats]
2025-05-10 17:10:08,235 [server.py:_initialize_component()] - Performing Component Post Init: [history]
2025-05-10 17:10:08,236 [server.py:_initialize_component()] - Performing Component Post Init: [announcements]
2025-05-10 17:10:08,237 [server.py:_initialize_component()] - Performing Component Post Init: [webcam]
2025-05-10 17:10:08,237 [webcam.py:_set_default_host_ip()] - Default public webcam address set: http://10.0.0.138
2025-05-10 17:10:08,238 [server.py:_initialize_component()] - Performing Component Post Init: [klippy_connection]
2025-05-10 17:10:08,238 [server.py:add_log_rollover_item()] - 
Systemd unit klipper-punisher.service:
unit_name: klipper-punisher.service
is_default: False
manager: systemd
Properties:
**Requires=['system.slice', '-.mount', 'sysinit.target', 'home.mount']
**After=['-.mount', 'home.mount', 'basic.target', 'sysinit.target', 'system.slice', 'systemd-journald.socket', 'network-online.target']
**SupplementaryGroups=[]
**EnvironmentFiles=/home/octo/punisher_data/systemd/klipper.env
**ExecStart=/home/octo/klippy-env/bin/python $KLIPPER_ARGS
**WorkingDirectory=/home/octo/klipper
**FragmentPath=/etc/systemd/system/klipper-punisher.service
**Description=Klipper 3D Printer Firmware SV1
**User=octo
2025-05-10 17:10:08,238 [server.py:_initialize_component()] - Performing Component Post Init: [update_manager]
2025-05-10 17:10:08,239 [server.py:_initialize_component()] - Performing Component Post Init: [spoolman]
2025-05-10 17:10:08,239 [spoolman.py:_connect_websocket()] - Connecting To Spoolman: ws://rhino:7912/api/v1/spool
2025-05-10 17:10:08,241 [server.py:add_log_rollover_item()] - Multiple instances of Moonraker have the update manager enabled.
moonraker-pascale:b994aea97c7a4c0f92ada68092db6f56:1572
moonraker-able:cca50902716f4e06920fbddaeaff39ab:1566
moonraker-phenoix:3f1d3310bc824d0eaef1d8c35ed8fb8c:1573
moonraker-murphy:bb2e0d0e7ef945368e1a06b160782450:1570
moonraker-bastard:07846642785b482e8652cf586e89e670:1567
moonraker-kane:bc035524ff81449db200b4bcf842a876:1569
moonraker-ben10:7f0ca56182064c6f8821005c8f278fc1:28101
moonraker-punisher:9dcc6c0e41664e1eba2a9b2fab5413d4:766394
2025-05-10 17:10:08,244 [server.py:add_log_rollover_item()] - Connected to Spoolman Spool Manager
2025-05-10 17:10:08,252 [extensions.py:start_unix_server()] - Creating Unix Domain Socket at '/home/octo/punisher_data/comms/moonraker.sock'
2025-05-10 17:10:08,252 [server.py:start_server()] - Starting Moonraker on (0.0.0.0, 7132), Hostname: rhino.server.internal
2025-05-10 17:10:08,252 [application.py:listen()] - SSL Certificate/Key not configured, aborting HTTPS Server startup
2025-05-10 17:10:08,254 [shell_command.py:_check_proc_success()] - Command (git -C /home/octo/moonraker status --porcelain -b) successfully finished
2025-05-10 17:10:08,256 [shell_command.py:_check_proc_success()] - Command (git -C /home/octo/moonraker branch --list --no-color) successfully finished
2025-05-10 17:10:08,259 [shell_command.py:_check_proc_success()] - Command (git -C /home/octo/moonraker remote get-url origin) successfully finished
2025-05-10 17:10:08,504 [klippy_connection.py:_do_connect()] - Klippy Connection Established
2025-05-10 17:10:08,535 [machine.py:extract_service_info()] - Detected alternate unit name for klipper: klipper-punisher.service
2025-05-10 17:10:08,544 [server.py:add_log_rollover_item()] - 
Systemd unit klipper-punisher.service:
unit_name: klipper-punisher.service
is_default: False
manager: systemd
Properties:
**Requires=['-.mount', 'sysinit.target', 'home.mount', 'system.slice']
**After=['-.mount', 'home.mount', 'sysinit.target', 'network-online.target', 'basic.target', 'system.slice', 'systemd-journald.socket']
**SupplementaryGroups=[]
**EnvironmentFiles=/home/octo/punisher_data/systemd/klipper.env
**ExecStart=/home/octo/klippy-env/bin/python $KLIPPER_ARGS
**WorkingDirectory=/home/octo/klipper
**FragmentPath=/etc/systemd/system/klipper-punisher.service
**Description=Klipper 3D Printer Firmware SV1
**User=octo
2025-05-10 17:10:08,572 [authorization.py:_check_trusted_connection()] - Trusted Connection Detected, IP: 10.0.0.190
2025-05-10 17:10:08,573 [application.py:log_request()] - 101 GET /websocket (10.0.0.190) [_TRUSTED_USER_] 1.26ms
2025-05-10 17:10:08,573 [websockets.py:open()] - Websocket Opened: ID: 132248083802704, Proxied: False, User Agent: Mozilla/5.0 (Windows NT 10.0; Win64; x64) AppleWebKit/537.36 (KHTML, like Gecko) Chrome/136.0.0.0 Safari/537.36, Host Name: rhino
2025-05-10 17:10:08,581 [common.py:build_error()] - JSON-RPC Request Error - Requested Method: printer.objects.list, Code: -32601, Message: Method not found
2025-05-10 17:10:08,581 [file_manager.py:get_file_list()] - Updating File List <config>...
2025-05-10 17:10:08,611 [shell_command.py:_check_proc_success()] - Command (git -C /home/octo/moonraker fetch origin --prune --progress) successfully finished
2025-05-10 17:10:08,614 [shell_command.py:_check_proc_success()] - Command (git -C /home/octo/moonraker merge-base --is-ancestor HEAD origin/master) successfully finished
2025-05-10 17:10:08,617 [shell_command.py:_check_proc_success()] - Command (git -C /home/octo/moonraker rev-parse HEAD) successfully finished
2025-05-10 17:10:08,620 [shell_command.py:_check_proc_success()] - Command (git -C /home/octo/moonraker describe --always --tags --long --dirty --abbrev=8) successfully finished
2025-05-10 17:10:08,622 [shell_command.py:_check_proc_success()] - Command (git -C /home/octo/moonraker rev-parse origin/master) successfully finished
2025-05-10 17:10:08,625 [shell_command.py:_check_proc_success()] - Command (git -C /home/octo/moonraker describe origin/master --always --tags --long --abbrev=8) successfully finished
2025-05-10 17:10:08,627 [shell_command.py:_check_proc_success()] - Command (git -C /home/octo/moonraker rev-list HEAD..1c124149720e24f52b80ce82ce906e69476b7724 --count) successfully finished
2025-05-10 17:10:08,627 [git_deploy.py:log_repo_info()] - Git Repo moonraker Detected:
Owner: Arksine
Repository Name: moonraker
Path: /home/octo/moonraker
Remote: origin
Branch: master
Remote URL: https://github.com/Arksine/moonraker.git
Recovery URL: https://github.com/Arksine/moonraker.git
Current Commit SHA: 1c124149720e24f52b80ce82ce906e69476b7724
Upstream Commit SHA: 1c124149720e24f52b80ce82ce906e69476b7724
Current Version: v0.9.3-74-g1c124149
Upstream Version: v0.9.3-74-g1c124149
Rollback Commit: 7cdcca3cb4b7caf27d511d1c4e32fa3297391709
Rollback Branch: master
Rollback Version: v0.9.3-72-g7cdcca3c
Is Dirty: False
Is Detached: False
Is Shallow: False
Commits Behind Count: 0
Diverged: False
Pinned Commit: None
2025-05-10 17:10:08,627 [base_deploy.py:log_info()] - Git Repo moonraker: Channel: dev
2025-05-10 17:10:08,627 [base_deploy.py:log_info()] - Git Repo moonraker: Validity check for git repo passed
2025-05-10 17:10:08,650 [shell_command.py:_check_proc_success()] - Command (git -C /home/octo/klipper status --porcelain -b) successfully finished
2025-05-10 17:10:08,653 [shell_command.py:_check_proc_success()] - Command (git -C /home/octo/klipper branch --list --no-color) successfully finished
2025-05-10 17:10:08,656 [shell_command.py:_check_proc_success()] - Command (git -C /home/octo/klipper remote get-url origin) successfully finished
2025-05-10 17:10:08,656 [git_deploy.py:_check_moved_origin()] - Git repo klipper: Performing moved origin check - https://github.com/kalicocrew/kalico
2025-05-10 17:10:08,797 [server.py:add_log_rollover_item()] - Klipper Version: v0.12.0-696-g9eac41f9
2025-05-10 17:10:08,809 [klippy_connection.py:_request_initial_subscriptions()] - Webhooks Subscribed
2025-05-10 17:10:08,810 [klippy_connection.py:_request_initial_subscriptions()] - GCode Output Subscribed
2025-05-10 17:10:09,060 [job_state.py:_handle_started()] - Job state initialized: standby
2025-05-10 17:10:09,321 [klippy_connection.py:_check_ready()] - Klippy ready
2025-05-10 17:10:09,326 [file_manager.py:get_file_list()] - Updating File List <config>...
2025-05-10 17:10:09,612 [shell_command.py:_check_proc_success()] - Command (git -C /home/octo/klipper fetch origin --prune --progress) successfully finished
2025-05-10 17:10:09,621 [shell_command.py:_check_proc_success()] - Command (git -C /home/octo/klipper merge-base --is-ancestor HEAD origin/bleeding-edge-v2) successfully finished
2025-05-10 17:10:09,627 [shell_command.py:_check_proc_success()] - Command (git -C /home/octo/klipper rev-parse HEAD) successfully finished
2025-05-10 17:10:09,691 [shell_command.py:_check_proc_success()] - Command (git -C /home/octo/klipper describe --always --tags --long --dirty --abbrev=8) successfully finished
2025-05-10 17:10:09,693 [shell_command.py:_check_proc_success()] - Command (git -C /home/octo/klipper rev-parse origin/bleeding-edge-v2) successfully finished
2025-05-10 17:10:09,727 [shell_command.py:_check_proc_success()] - Command (git -C /home/octo/klipper describe origin/bleeding-edge-v2 --always --tags --long --abbrev=8) successfully finished
2025-05-10 17:10:09,730 [shell_command.py:_check_proc_success()] - Command (git -C /home/octo/klipper rev-list HEAD..9eac41f99ac96f01e0c74e57c64b6a4b2674c494 --count) successfully finished
2025-05-10 17:10:09,730 [git_deploy.py:log_repo_info()] - Git Repo klipper Detected:
Owner: KalicoCrew
Repository Name: kalico
Path: /home/octo/klipper
Remote: origin
Branch: bleeding-edge-v2
Remote URL: https://github.com/KalicoCrew/kalico
Recovery URL: https://github.com/KalicoCrew/kalico
Current Commit SHA: 9eac41f99ac96f01e0c74e57c64b6a4b2674c494
Upstream Commit SHA: 9eac41f99ac96f01e0c74e57c64b6a4b2674c494
Current Version: v0.12.0-696-g9eac41f9
Upstream Version: v0.12.0-696-g9eac41f9
Rollback Commit: 9eac41f99ac96f01e0c74e57c64b6a4b2674c494
Rollback Branch: bleeding-edge-v2
Rollback Version: v0.12.0-696-g9eac41f9
Is Dirty: False
Is Detached: False
Is Shallow: False
Commits Behind Count: 0
Diverged: False
Pinned Commit: None
Repo Warnings:
  Unofficial remote url: https://github.com/KalicoCrew/kalico
  Repo not on offical remote/branch, expected: origin/master, detected: origin/bleeding-edge-v2
  Repo has untracked source files: ['klippy/extras/autotune_tmc.py', 'klippy/extras/motor_constants.py']
2025-05-10 17:10:09,730 [base_deploy.py:log_info()] - Git Repo klipper: Channel: dev
2025-05-10 17:10:09,730 [base_deploy.py:log_info()] - Git Repo klipper: Validity check for git repo passed
2025-05-10 17:10:09,764 [application.py:log_request()] - 101 GET /websocket (10.0.0.190) [_TRUSTED_USER_] 0.36ms
2025-05-10 17:10:09,764 [websockets.py:open()] - Websocket Opened: ID: 132248005384208, Proxied: False, User Agent: Mozilla/5.0 (Windows NT 10.0; Win64; x64) AppleWebKit/537.36 (KHTML, like Gecko) Chrome/136.0.0.0 Safari/537.36, Host Name: rhino
2025-05-10 17:10:09,770 [websockets.py:_handle_identify()] - Websocket 132248005384208 Client Identified - Name: mainsail, Version: 2.14.0, Type: web
2025-05-10 17:10:09,979 [websockets.py:on_close()] - Websocket Closed: ID: 132248083802704 Close Code: None, Close Reason: None, Pong Time Elapsed: 1.41
2025-05-10 17:10:09,983 [base_deploy.py:log_info()] - Web Client mainsail: Detected
Repo: mainsail-crew/mainsail
Channel: stable
Path: /home/octo/mainsail
Local Version: v2.14.0
Remote Version: v2.14.0
Valid: True
Fallback Detected: False
Pre-release: False
Download Url: https://github.com/mainsail-crew/mainsail/releases/download/v2.14.0/mainsail.zip
Download Size: 2848929
Content Type: application/zip
Rollback Version: v2.13.2
Rollback Repo: mainsail-crew/mainsail
2025-05-10 17:10:09,995 [shell_command.py:_check_proc_success()] - Command (git -C /home/octo/Klipper-Adaptive-Meshing-Purging status --porcelain -b) successfully finished
2025-05-10 17:10:10,002 [shell_command.py:_check_proc_success()] - Command (git -C /home/octo/Klipper-Adaptive-Meshing-Purging branch --list --no-color) successfully finished
2025-05-10 17:10:10,023 [application.py:log_request()] - 101 GET /websocket (10.0.0.190) [_TRUSTED_USER_] 2.95ms
2025-05-10 17:10:10,024 [websockets.py:open()] - Websocket Opened: ID: 132248005387728, Proxied: False, User Agent: Mozilla/5.0 (Windows NT 10.0; Win64; x64) AppleWebKit/537.36 (KHTML, like Gecko) Chrome/136.0.0.0 Safari/537.36, Host Name: rhino
2025-05-10 17:10:10,031 [shell_command.py:_check_proc_success()] - Command (git -C /home/octo/Klipper-Adaptive-Meshing-Purging remote get-url origin) successfully finished
2025-05-10 17:10:10,062 [data_store.py:_init_sensors()] - Configuring available sensors: ['temperature_sensor mcu_temp', 'temperature_sensor accel_temp', 'temperature_sensor rhino_linux', 'temperature_sensor btt_eddy_mcu', 'heater_bed', 'z_thermal_adjust', 'extruder']
2025-05-10 17:10:10,071 [file_manager.py:get_file_list()] - Updating File List <config>...
2025-05-10 17:10:10,345 [shell_command.py:_check_proc_success()] - Command (git -C /home/octo/Klipper-Adaptive-Meshing-Purging fetch origin --prune --progress) successfully finished
2025-05-10 17:10:10,349 [shell_command.py:_check_proc_success()] - Command (git -C /home/octo/Klipper-Adaptive-Meshing-Purging merge-base --is-ancestor HEAD origin/main) successfully finished
2025-05-10 17:10:10,351 [shell_command.py:_check_proc_success()] - Command (git -C /home/octo/Klipper-Adaptive-Meshing-Purging rev-parse HEAD) successfully finished
2025-05-10 17:10:10,356 [shell_command.py:_check_proc_success()] - Command (git -C /home/octo/Klipper-Adaptive-Meshing-Purging describe --always --tags --long --dirty --abbrev=8) successfully finished
2025-05-10 17:10:10,358 [shell_command.py:_check_proc_success()] - Command (git -C /home/octo/Klipper-Adaptive-Meshing-Purging rev-parse origin/main) successfully finished
2025-05-10 17:10:10,361 [shell_command.py:_check_proc_success()] - Command (git -C /home/octo/Klipper-Adaptive-Meshing-Purging describe origin/main --always --tags --long --abbrev=8) successfully finished
2025-05-10 17:10:10,363 [shell_command.py:_check_proc_success()] - Command (git -C /home/octo/Klipper-Adaptive-Meshing-Purging rev-list HEAD..00a076da82d73c50174ceb957035a2898ea7f495 --count) successfully finished
2025-05-10 17:10:10,364 [git_deploy.py:log_repo_info()] - Git Repo Klipper-Adaptive-Meshing-Purging Detected:
Owner: Bradford1040
Repository Name: Klipper-Adaptive-Meshing-Purging
Path: /home/octo/Klipper-Adaptive-Meshing-Purging
Remote: origin
Branch: main
Remote URL: https://github.com/Bradford1040/Klipper-Adaptive-Meshing-Purging.git
Recovery URL: https://github.com/Bradford1040/Klipper-Adaptive-Meshing-Purging.git
Current Commit SHA: 00a076da82d73c50174ceb957035a2898ea7f495
Upstream Commit SHA: 00a076da82d73c50174ceb957035a2898ea7f495
Current Version: v1.1.2-22-g00a076da
Upstream Version: v1.1.2-22-g00a076da
Rollback Commit: 00a076da82d73c50174ceb957035a2898ea7f495
Rollback Branch: main
Rollback Version: v1.1.2-22-g00a076da
Is Dirty: False
Is Detached: False
Is Shallow: False
Commits Behind Count: 0
Diverged: False
Pinned Commit: None
2025-05-10 17:10:10,364 [base_deploy.py:log_info()] - Git Repo Klipper-Adaptive-Meshing-Purging: Channel: dev
2025-05-10 17:10:10,364 [base_deploy.py:log_info()] - Git Repo Klipper-Adaptive-Meshing-Purging: Validity check for git repo passed
2025-05-10 17:10:10,367 [shell_command.py:_check_proc_success()] - Command (git -C /home/octo/punisher_data/klipper-backup status --porcelain -b) successfully finished
2025-05-10 17:10:10,369 [shell_command.py:_check_proc_success()] - Command (git -C /home/octo/punisher_data/klipper-backup branch --list --no-color) successfully finished
2025-05-10 17:10:10,372 [shell_command.py:_check_proc_success()] - Command (git -C /home/octo/punisher_data/klipper-backup remote get-url origin) successfully finished
2025-05-10 17:10:10,713 [shell_command.py:_check_proc_success()] - Command (git -C /home/octo/punisher_data/klipper-backup fetch origin --prune --progress) successfully finished
2025-05-10 17:10:10,720 [shell_command.py:_check_proc_success()] - Command (git -C /home/octo/punisher_data/klipper-backup merge-base --is-ancestor HEAD origin/devel-v3.0) successfully finished
2025-05-10 17:10:10,726 [shell_command.py:_check_proc_success()] - Command (git -C /home/octo/punisher_data/klipper-backup rev-parse HEAD) successfully finished
2025-05-10 17:10:10,741 [shell_command.py:_check_proc_success()] - Command (git -C /home/octo/punisher_data/klipper-backup describe --always --tags --long --dirty --abbrev=8) successfully finished
2025-05-10 17:10:10,747 [shell_command.py:_check_proc_success()] - Command (git -C /home/octo/punisher_data/klipper-backup rev-parse origin/devel-v3.0) successfully finished
2025-05-10 17:10:10,761 [shell_command.py:_check_proc_success()] - Command (git -C /home/octo/punisher_data/klipper-backup describe origin/devel-v3.0 --always --tags --long --abbrev=8) successfully finished
2025-05-10 17:10:10,769 [shell_command.py:_check_proc_success()] - Command (git -C /home/octo/punisher_data/klipper-backup rev-list HEAD..be4d9a692269f515c04d650df73c49f66c21c967 --count) successfully finished
2025-05-10 17:10:10,769 [git_deploy.py:log_repo_info()] - Git Repo klipper-backup Detected:
Owner: Bradford1040
Repository Name: klipper-backup
Path: /home/octo/punisher_data/klipper-backup
Remote: origin
Branch: devel-v3.0
Remote URL: https://github.com/Bradford1040/klipper-backup.git
Recovery URL: https://github.com/Bradford1040/klipper-backup.git
Current Commit SHA: be4d9a692269f515c04d650df73c49f66c21c967
Upstream Commit SHA: be4d9a692269f515c04d650df73c49f66c21c967
Current Version: v1.3.3-65-gbe4d9a69
Upstream Version: v1.3.3-65-gbe4d9a69
Rollback Commit: ae924faa41ab8e0ab0301414eacc8321ce1934af
Rollback Branch: devel-v3.0
Rollback Version: v1.3.3-64-gae924faa
Is Dirty: False
Is Detached: False
Is Shallow: False
Commits Behind Count: 0
Diverged: False
Pinned Commit: None
2025-05-10 17:10:10,770 [base_deploy.py:log_info()] - Git Repo klipper-backup: Channel: dev
2025-05-10 17:10:10,770 [base_deploy.py:log_info()] - Git Repo klipper-backup: Validity check for git repo passed
2025-05-10 17:10:11,021 [base_deploy.py:log_info()] - Zip Application Spoolman: Detected
Repo: Donkie/Spoolman
Channel: stable
Path: /home/octo/Spoolman
Local Version: v0.22.1
Remote Version: v0.22.1
Valid: True
Fallback Detected: False
Pre-release: False
Download Url: https://github.com/Donkie/Spoolman/releases/download/v0.22.1/spoolman.zip
Download Size: 2007875
Content Type: application/zip
Rollback Version: v0.22.1
Rollback Repo: Donkie/Spoolman
2025-05-10 17:10:11,036 [shell_command.py:_check_proc_success()] - Command (git -C /home/octo/klippain_shaketune status --porcelain -b) successfully finished
2025-05-10 17:10:11,044 [shell_command.py:_check_proc_success()] - Command (git -C /home/octo/klippain_shaketune branch --list --no-color) successfully finished
2025-05-10 17:10:11,055 [shell_command.py:_check_proc_success()] - Command (git -C /home/octo/klippain_shaketune remote get-url origin) successfully finished
2025-05-10 17:10:11,403 [shell_command.py:_check_proc_success()] - Command (git -C /home/octo/klippain_shaketune fetch origin --prune --progress) successfully finished
2025-05-10 17:10:11,410 [shell_command.py:_check_proc_success()] - Command (git -C /home/octo/klippain_shaketune merge-base --is-ancestor HEAD origin/punisher) successfully finished
2025-05-10 17:10:11,416 [shell_command.py:_check_proc_success()] - Command (git -C /home/octo/klippain_shaketune rev-parse HEAD) successfully finished
2025-05-10 17:10:11,432 [shell_command.py:_check_proc_success()] - Command (git -C /home/octo/klippain_shaketune describe --always --tags --long --dirty --abbrev=8) successfully finished
2025-05-10 17:10:11,438 [shell_command.py:_check_proc_success()] - Command (git -C /home/octo/klippain_shaketune rev-parse origin/punisher) successfully finished
2025-05-10 17:10:11,449 [shell_command.py:_check_proc_success()] - Command (git -C /home/octo/klippain_shaketune describe origin/punisher --always --tags --long --abbrev=8) successfully finished
2025-05-10 17:10:11,455 [shell_command.py:_check_proc_success()] - Command (git -C /home/octo/klippain_shaketune rev-list HEAD..e140288b8ab5c337655a4031ee24f694d76b07e0 --count) successfully finished
2025-05-10 17:10:11,456 [git_deploy.py:log_repo_info()] - Git Repo Klippain-ShakeTune Detected:
Owner: Bradford1040
Repository Name: kiauh-klippain-shaketune
Path: /home/octo/klippain_shaketune
Remote: origin
Branch: punisher
Remote URL: https://github.com/Bradford1040/kiauh-klippain-shaketune.git
Recovery URL: https://github.com/Bradford1040/kiauh-klippain-shaketune.git
Current Commit SHA: e140288b8ab5c337655a4031ee24f694d76b07e0
Upstream Commit SHA: e140288b8ab5c337655a4031ee24f694d76b07e0
Current Version: v5.1.1-6-ge140288b
Upstream Version: v5.1.1-6-ge140288b
Rollback Commit: e642d4c5171a832dae0c1781bde91457af7b2f97
Rollback Branch: punisher
Rollback Version: v5.1.1-5-ge642d4c5
Is Dirty: False
Is Detached: False
Is Shallow: False
Commits Behind Count: 0
Diverged: False
Pinned Commit: None
2025-05-10 17:10:11,456 [base_deploy.py:log_info()] - Git Repo Klippain-ShakeTune: Channel: dev
2025-05-10 17:10:11,456 [base_deploy.py:log_info()] - Git Repo Klippain-ShakeTune: Validity check for git repo passed
2025-05-10 17:10:11,463 [shell_command.py:_check_proc_success()] - Command (git -C /home/octo/klipper_tmc_autotune status --porcelain -b) successfully finished
2025-05-10 17:10:11,468 [shell_command.py:_check_proc_success()] - Command (git -C /home/octo/klipper_tmc_autotune branch --list --no-color) successfully finished
2025-05-10 17:10:11,476 [shell_command.py:_check_proc_success()] - Command (git -C /home/octo/klipper_tmc_autotune remote get-url origin) successfully finished
2025-05-10 17:10:11,815 [shell_command.py:_check_proc_success()] - Command (git -C /home/octo/klipper_tmc_autotune fetch origin --prune --progress) successfully finished
2025-05-10 17:10:11,823 [shell_command.py:_check_proc_success()] - Command (git -C /home/octo/klipper_tmc_autotune merge-base --is-ancestor HEAD origin/master) successfully finished
2025-05-10 17:10:11,829 [shell_command.py:_check_proc_success()] - Command (git -C /home/octo/klipper_tmc_autotune rev-parse HEAD) successfully finished
2025-05-10 17:10:11,845 [shell_command.py:_check_proc_success()] - Command (git -C /home/octo/klipper_tmc_autotune describe --always --tags --long --dirty --abbrev=8) successfully finished
2025-05-10 17:10:11,851 [shell_command.py:_check_proc_success()] - Command (git -C /home/octo/klipper_tmc_autotune rev-parse origin/master) successfully finished
2025-05-10 17:10:11,866 [shell_command.py:_check_proc_success()] - Command (git -C /home/octo/klipper_tmc_autotune describe origin/master --always --tags --long --abbrev=8) successfully finished
2025-05-10 17:10:11,873 [shell_command.py:_check_proc_success()] - Command (git -C /home/octo/klipper_tmc_autotune rev-list HEAD..b84db69d4ba504a8359ccc821768d78d36dcec43 --count) successfully finished
2025-05-10 17:10:11,873 [git_deploy.py:log_repo_info()] - Git Repo klipper_tmc_autotune Detected:
Owner: Bradford1040
Repository Name: klipper_tmc_autotune
Path: /home/octo/klipper_tmc_autotune
Remote: origin
Branch: master
Remote URL: https://github.com/Bradford1040/klipper_tmc_autotune.git
Recovery URL: https://github.com/Bradford1040/klipper_tmc_autotune.git
Current Commit SHA: b84db69d4ba504a8359ccc821768d78d36dcec43
Upstream Commit SHA: b84db69d4ba504a8359ccc821768d78d36dcec43
Current Version: v0.2.0-235-gb84db69d
Upstream Version: v0.2.0-235-gb84db69d
Rollback Commit: b84db69d4ba504a8359ccc821768d78d36dcec43
Rollback Branch: master
Rollback Version: v0.2.0-235-gb84db69d
Is Dirty: False
Is Detached: False
Is Shallow: False
Commits Behind Count: 0
Diverged: False
Pinned Commit: None
2025-05-10 17:10:11,873 [base_deploy.py:log_info()] - Git Repo klipper_tmc_autotune: Channel: dev
2025-05-10 17:10:11,873 [base_deploy.py:log_info()] - Git Repo klipper_tmc_autotune: Validity check for git repo passed
2025-05-10 17:10:21,046 [klippy_connection.py:_on_connection_closed()] - Klippy Connection Removed
2025-05-10 17:10:21,297 [klippy_connection.py:_do_connect()] - Klippy Connection Established
2025-05-10 17:10:21,308 [machine.py:extract_service_info()] - Detected alternate unit name for klipper: klipper-punisher.service
2025-05-10 17:10:25,132 [websockets.py:on_close()] - Websocket Closed: ID: 132248005387728 Close Code: None, Close Reason: None, Pong Time Elapsed: 5.10
2025-05-10 17:10:25,172 [klippy_connection.py:_request_initial_subscriptions()] - Webhooks Subscribed
2025-05-10 17:10:25,172 [klippy_connection.py:_request_initial_subscriptions()] - GCode Output Subscribed
2025-05-10 17:10:25,179 [application.py:log_request()] - 101 GET /websocket (10.0.0.190) [_TRUSTED_USER_] 0.53ms
2025-05-10 17:10:25,179 [websockets.py:open()] - Websocket Opened: ID: 132248005387088, Proxied: False, User Agent: Mozilla/5.0 (Windows NT 10.0; Win64; x64) AppleWebKit/537.36 (KHTML, like Gecko) Chrome/136.0.0.0 Safari/537.36, Host Name: rhino
2025-05-10 17:10:25,213 [file_manager.py:get_file_list()] - Updating File List <config>...
2025-05-10 17:10:25,423 [job_state.py:_handle_started()] - Job state initialized: standby
2025-05-10 17:10:25,697 [klippy_connection.py:_check_ready()] - Klippy ready
2025-05-10 17:10:25,706 [file_manager.py:get_file_list()] - Updating File List <config>...
2025-05-10 17:10:26,938 [data_store.py:_init_sensors()] - Configuring available sensors: ['temperature_sensor mcu_temp', 'temperature_sensor accel_temp', 'temperature_sensor rhino_linux', 'temperature_sensor btt_eddy_mcu', 'heater_bed', 'z_thermal_adjust', 'extruder']
2025-05-10 17:28:15,634 [websockets.py:on_close()] - Websocket Closed: ID: 132248005384208 Close Code: None, Close Reason: None, Pong Time Elapsed: 5.87
2025-05-10 17:28:15,684 [websockets.py:on_close()] - Websocket Closed: ID: 132248005387088 Close Code: None, Close Reason: None, Pong Time Elapsed: 0.50
2025-05-10 17:28:15,717 [application.py:log_request()] - 101 GET /websocket (10.0.0.190) [_TRUSTED_USER_] 1.17ms
2025-05-10 17:28:15,717 [websockets.py:open()] - Websocket Opened: ID: 132248083744720, Proxied: False, User Agent: Mozilla/5.0 (Windows NT 10.0; Win64; x64) AppleWebKit/537.36 (KHTML, like Gecko) Chrome/136.0.0.0 Safari/537.36, Host Name: rhino
2025-05-10 17:28:15,753 [file_manager.py:get_file_list()] - Updating File List <config>...
2025-05-10 17:29:31,659 [websockets.py:on_close()] - Websocket Closed: ID: 132248083744720 Close Code: None, Close Reason: None, Pong Time Elapsed: 5.94
2025-05-10 17:29:31,689 [application.py:log_request()] - 101 GET /websocket (10.0.0.190) [_TRUSTED_USER_] 1.30ms
2025-05-10 17:29:31,689 [websockets.py:open()] - Websocket Opened: ID: 132248083758800, Proxied: False, User Agent: Mozilla/5.0 (Windows NT 10.0; Win64; x64) AppleWebKit/537.36 (KHTML, like Gecko) Chrome/136.0.0.0 Safari/537.36, Host Name: rhino
2025-05-10 17:29:31,723 [file_manager.py:get_file_list()] - Updating File List <config>...
2025-05-10 17:29:52,663 [websockets.py:on_close()] - Websocket Closed: ID: 132248083758800 Close Code: None, Close Reason: None, Pong Time Elapsed: 0.97
2025-05-10 17:29:52,696 [application.py:log_request()] - 101 GET /websocket (10.0.0.190) [_TRUSTED_USER_] 1.56ms
2025-05-10 17:29:52,697 [websockets.py:open()] - Websocket Opened: ID: 132248083744720, Proxied: False, User Agent: Mozilla/5.0 (Windows NT 10.0; Win64; x64) AppleWebKit/537.36 (KHTML, like Gecko) Chrome/136.0.0.0 Safari/537.36, Host Name: rhino
2025-05-10 17:29:52,727 [file_manager.py:get_file_list()] - Updating File List <config>...
2025-05-10 17:39:59,848 [websockets.py:on_close()] - Websocket Closed: ID: 132248083744720 Close Code: None, Close Reason: None, Pong Time Elapsed: 7.15
2025-05-10 17:39:59,890 [application.py:log_request()] - 101 GET /websocket (10.0.0.190) [_TRUSTED_USER_] 0.39ms
2025-05-10 17:39:59,890 [websockets.py:open()] - Websocket Opened: ID: 132248083758800, Proxied: False, User Agent: Mozilla/5.0 (Windows NT 10.0; Win64; x64) AppleWebKit/537.36 (KHTML, like Gecko) Chrome/136.0.0.0 Safari/537.36, Host Name: rhino
2025-05-10 17:39:59,981 [application.py:log_request()] - 101 GET /websocket (10.0.0.190) [_TRUSTED_USER_] 0.41ms
2025-05-10 17:39:59,981 [websockets.py:open()] - Websocket Opened: ID: 132248005386128, Proxied: False, User Agent: Mozilla/5.0 (Windows NT 10.0; Win64; x64) AppleWebKit/537.36 (KHTML, like Gecko) Chrome/136.0.0.0 Safari/537.36, Host Name: rhino
2025-05-10 17:39:59,981 [file_manager.py:get_file_list()] - Updating File List <config>...
2025-05-10 17:40:00,045 [websockets.py:_handle_identify()] - Websocket 132248005386128 Client Identified - Name: mainsail, Version: 2.14.0, Type: web
2025-05-10 17:44:34,796 [application.py:prepare()] - Upload Request Received from 10.0.0.190
Content-Type: 
2025-05-10 17:44:34,802 [application.py:prepare()] - Upload Request Received from 10.0.0.190
Content-Type: multipart/form-data; boundary=----WebKitFormBoundaryTv4ml6yKCH3cFJBq
2025-05-10 17:44:34,810 [application.py:post()] - Processing Uploaded File: shell_command.cfg
2025-05-10 17:44:34,817 [application.py:log_request()] - 201 POST /server/files/upload (10.0.0.190) [_TRUSTED_USER_] 16.24ms
